hwif_in.hwpe_ctrl.acquire.acquire.next[31:0]
hwif_in.hwpe_ctrl.status.status0.next[31:0]
hwif_in.hwpe_ctrl.running_job.running_job.next[7:0]
hwif_out.hwpe_ctrl.commit_trigger.commit_trigger.value[1:0]
hwif_out.hwpe_ctrl.commit_trigger.commit_trigger.swacc
hwif_out.hwpe_ctrl.commit_trigger.r0.value[29:0]
hwif_out.hwpe_ctrl.acquire.acquire.swacc
hwif_out.hwpe_ctrl.autotrigger.autotrigger_n.value
hwif_out.hwpe_ctrl.autotrigger.r0.value[30:0]
hwif_out.hwpe_ctrl.running_job.r0.value[23:0]
hwif_out.hwpe_ctrl.soft_clear.soft_clear.value[1:0]
hwif_out.hwpe_ctrl.soft_clear.soft_clear.swacc
hwif_out.hwpe_ctrl.soft_clear.r0.value[29:0]
hwif_out.hwpe_ctrl.reserved1.reserved.value[31:0]
hwif_out.hwpe_ctrl.reserved2.reserved.value[31:0]
hwif_out.hwpe_job_indep.reserved.reserved.value[31:0]
hwif_out.hwpe_job_dep.in_ptr.value.value[31:0]
hwif_out.hwpe_job_dep.out_ptr.value.value[31:0]
hwif_out.hwpe_job_dep.tot_len.value.value[31:0]
hwif_out.hwpe_job_dep.in_d0.length.value[15:0]
hwif_out.hwpe_job_dep.in_d0.stride.value[15:0]
hwif_out.hwpe_job_dep.in_d1.length.value[15:0]
hwif_out.hwpe_job_dep.in_d1.stride.value[15:0]
hwif_out.hwpe_job_dep.in_d2.length.value[15:0]
hwif_out.hwpe_job_dep.in_d2.stride.value[15:0]
hwif_out.hwpe_job_dep.in_d3.length.value[15:0]
hwif_out.hwpe_job_dep.in_d3.stride.value[15:0]
hwif_out.hwpe_job_dep.out_d0.length.value[15:0]
hwif_out.hwpe_job_dep.out_d0.stride.value[15:0]
hwif_out.hwpe_job_dep.out_d1.length.value[15:0]
hwif_out.hwpe_job_dep.out_d1.stride.value[15:0]
hwif_out.hwpe_job_dep.out_d2.length.value[15:0]
hwif_out.hwpe_job_dep.out_d2.stride.value[15:0]
hwif_out.hwpe_job_dep.out_d3.length.value[15:0]
hwif_out.hwpe_job_dep.out_d3.stride.value[15:0]
hwif_out.hwpe_job_dep.in_d4_stride.value.value[31:0]
hwif_out.hwpe_job_dep.out_d4_stride.value.value[31:0]
hwif_out.hwpe_job_dep.matrix_dim.tensor_size_m.value[15:0]
hwif_out.hwpe_job_dep.matrix_dim.tensor_size_n.value[15:0]
hwif_out.hwpe_job_dep.channels.num_channels.value[10:0]
hwif_out.hwpe_job_dep.channels.total_elements.value[20:0]
hwif_out.hwpe_job_dep.ctrl_engine.transp_mode.value[2:0]
hwif_out.hwpe_job_dep.ctrl_engine.datamover_mode.value[4:0]
hwif_out.hwpe_job_dep.ctrl_engine.read_dim_en.value[3:0]
hwif_out.hwpe_job_dep.ctrl_engine.write_dim_en.value[3:0]
hwif_out.hwpe_job_dep.ctrl_engine.conv_stride.value[2:0]
hwif_out.hwpe_job_dep.ctrl_engine.im2col_pack.value
hwif_out.hwpe_job_dep.ctrl_engine.pack_log2w.value[2:0]
hwif_out.hwpe_job_dep.ctrl_engine.pack_row_stride.value[7:0]
hwif_out.hwpe_job_dep.ctrl_engine.im2col_pad.value
hwif_out.hwpe_job_dep.out_tot_len.value.value[31:0]
